python scripts/run_ceiling_phase.py
K*  ceil  ratio   merge-deny ret [95% CI]        merge-deny plast [95% CI]      K6cost
--------------------------------------------------------------------------------------------------------
 6     1  1/6    +0.0000 [+0.0000,+0.0000]   +0.0000 [+0.0000,+0.0000]   +0.1300
 6     2  1/3    -0.0258 [-0.0603,+0.0092]   +0.0199 [+0.0048,+0.0338]   +0.0895
 6     3  1/2    -0.0216 [-0.0357,-0.0068]   +0.0133 [-0.0116,+0.0403]   +0.0655
 6     4  2/3    -0.0137 [-0.0425,+0.0130]   +0.0224 [-0.0009,+0.0504]   +0.0586
 6     5  5/6    -0.0027 [-0.0292,+0.0242]   +0.0314 [+0.0085,+0.0539]   +0.0512
12     2  1/6    -0.0498 [-0.0749,-0.0233]   +0.0191 [+0.0069,+0.0334]   +0.1879
12     4  1/3    +0.0108 [-0.0197,+0.0363]   +0.0591 [+0.0298,+0.0861]   +0.1761
12     6  1/2    +0.0303 [+0.0062,+0.0576]   +0.0615 [+0.0495,+0.0720]   +0.1387
12     8  2/3    +0.0411 [+0.0295,+0.0525]   +0.0599 [+0.0435,+0.0769]   +0.1115
12    10  5/6    +0.0638 [+0.0346,+0.0965]   +0.0615 [+0.0374,+0.0862]   +0.0978
24     4  1/6    -0.0140 [-0.0526,+0.0221]   +0.0719 [+0.0552,+0.0871]   +0.2465
24     8  1/3    +0.0136 [-0.0076,+0.0335]   +0.0532 [+0.0285,+0.0811]   +0.1928
24    12  1/2    +0.0289 [-0.0019,+0.0609]   +0.0678 [+0.0465,+0.0912]   +0.1669
24    16  2/3    +0.0423 [+0.0096,+0.0782]   +0.0688 [+0.0372,+0.1017]   +0.1364
24    20  5/6    +0.0373 [-0.0034,+0.0846]   +0.0474 [+0.0189,+0.0814]   +0.1023

600 rows, 2619 merge events
wrote results/ceiling_phase/rows.json
